// Jest Snapshot v1, https://goo.gl/fbAQLP

exports[`Button should render a button 1`] = `
<div>
  <button
    className="Button"
    type="button"
  >
    Click me!
  </button>
</div>
`;
